[toystore-template.webflow.io/index.html]
[backblue.gif]
[fade.gif]
[index.html]
[assets.website-files.com/5badda2935e11303a89a461e/css/toystore-template.webflow.f565c55c5.css]
[ajax.googleapis.com/ajax/libs/webfont/1.6.26/webfont.js]
[assets.website-files.com/5badda2935e11303a89a461e/5bd83035e7345f2f22c0bece_favicon.png]
[assets.website-files.com/5badda2935e11303a89a461e/5bd8303816e1ea6c375be6cb_webclip.png]
[assets.website-files.com/5badda2935e11303a89a461e/5bc1931d898dce4c7abcd74f_preloader.gif]
[toystore-template.webflow.io/catalog.html]
[toystore-template.webflow.io/delivery.html]
[toystore-template.webflow.io/about.html]
[toystore-template.webflow.io/contacts.html]
[toystore-template.webflow.io/checkout.html]
[assets.website-files.com/5badda2935e11303a89a461e/5badf21356ac5470c84dfbf4_33903-2-plush-toy-transparent-image-min.png]
[assets.website-files.com/5badda2935e11303a89a461e/5badf2131f2da24c02171c72_33727-9-wooden-toy-transparent-image-min.png]
[toystore-template.webflow.io/product/teddy-bear.html]
[assets.website-files.com/5baddb6a35e113da0e9a4802/5bae12942ca03553bf0d536c_33903-2-plush-toy-transparent-image-min.png]
[toystore-template.webflow.io/product/mega-plush-toy.html]
[assets.website-files.com/5baddb6a35e113da0e9a4802/5bae124e03ef144f2b4a9bef_33837-2-plush-toy-transparent-background-min.png]
[toystore-template.webflow.io/product/cute-dog.html]
[assets.website-files.com/5baddb6a35e113da0e9a4802/5bae0f7a1f2da258291736c4_33908-7-plush-toy-file-min.png]
[assets.website-files.com/5baddb6a35e113da0e9a4802/5bae0f1835e11376299a8089_33878-5-plush-toy-transparent-min.png]
[toystore-template.webflow.io/product/happy-flower.html]
[assets.website-files.com/5baddb6a35e113da0e9a4802/5baf529c7a16ad5b5fd9fdf3_33727-9-wooden-toy-transparent-image-min.png]
[toystore-template.webflow.io/product/lift-machine.html]
[assets.website-files.com/5baddb6a35e113da0e9a4802/5baf525bbf02340f30398cb3_33505-6-wooden-toy-clipart-min.png]
[toystore-template.webflow.io/product/wooden-camera.html]
[assets.website-files.com/5baddb6a35e113da0e9a4802/5baf522457091399591a83fe_33631-9-wooden-toy-photo-min.png]
[toystore-template.webflow.io/product/little-rabbit.html]
[assets.website-files.com/5baddb6a35e113da0e9a4802/5baf51fc570913c1d31a83f6_33504-4-wooden-toy-transparent-min.png]
[assets.website-files.com/5badda2935e11303a89a461e/5bb5c77ee73150e2021b0db4_side-image-01.jpg]
[assets.website-files.com/5badda2935e11303a89a461e/5badecf79395558fbeb88a49_instagram-01.jpg]
[assets.website-files.com/5badda2935e11303a89a461e/5badecf735e113f8679a57e6_instagram-02.jpg]
[assets.website-files.com/5badda2935e11303a89a461e/5badecf735e11327b99a57e7_instagram-03.jpg]
[assets.website-files.com/5badda2935e11303a89a461e/5badecf7939555df08b88a48_instagram-04.jpg]
[assets.website-files.com/5badda2935e11303a89a461e/5badecf7939555514eb88a4a_instagram-05.jpg]
[assets.website-files.com/5badda2935e11303a89a461e/5badecf71f2da2228d17155f_instagram-06.jpg]
[toystore-template.webflow.io/template/style-guide.html]
[toystore-template.webflow.io/template/licensing.html]
[d3e54v103j8qbb.cloudfront.net/js/jquery-3.5.1.min.dc5e7f18c8083a.js]
[toystore-template.webflow.io/index.html]
[assets.website-files.com/5badda2935e11303a89a461e/js/webflow.9828d3d6a.js]
[assets.website-files.com/5badda2935e11303a89a461e/5baddd4835e113c6299a48f5_li-tzuni-507346-unsplash.jpg]
[assets.website-files.com/5badda2935e11303a89a461e/5baf3d57ace69c149bb331b8_tim-gouw-165547-unsplash.jpg]
[assets.website-files.com/5badda2935e11303a89a461e/css/toystore-template.webflow.f565c55c5.css]
[toystore-template.webflow.io/category/wooden-toys.html]
[toystore-template.webflow.io/category/stuffed-animals.html]
[toystore-template.webflow.io/product/christmas-deer.html]
[assets.website-files.com/5baddb6a35e113da0e9a4802/5bae0ede56ac5481f54e12e9_33610-4-plush-toy-hd-min.png]
[toystore-template.webflow.io/product/rainbow-truck.html]
[assets.website-files.com/5baddb6a35e113da0e9a4802/5baf51b7c8d851a73cc4544c_33649-6-toy-transparent-image-min.png]
[toystore-template.webflow.io/product/pluto-yellow-dog.html]
[assets.website-files.com/5baddb6a35e113da0e9a4802/5bae0e6335e113da999a7976_33568-4-toy-image-min.png]
[toystore-template.webflow.io/product/happy-dog.html]
[assets.website-files.com/5baddb6a35e113da0e9a4802/5baf5171ace69cb064b33d42_33388-1-wooden-toy-photos-min.png]
[toystore-template.webflow.io/product/caterpillar.html]
[assets.website-files.com/5baddb6a35e113da0e9a4802/5baf50843a685ea7dfd6e4fd_33371-3-wooden-toy-min.png]
[toystore-template.webflow.io/product/grey-elephant.html]
[assets.website-files.com/5baddb6a35e113da0e9a4802/5bae0db61f2da2a4ef173617_cute-plush-toy-stuffed-animal-47335-min.png]
[toystore-template.webflow.io/product/wooden-tractor.html]
[assets.website-files.com/5baddb6a35e113da0e9a4802/5baf5100ace69c1b26b33d2d_33476-9-wooden-toy-hd-min.png]
[toystore-template.webflow.io/product/funny-clown.html]
[assets.website-files.com/5baddb6a35e113da0e9a4802/5bae0d07939555eac3b8a91c_33910-6-toy-clipart-min.png]
[toystore-template.webflow.io/catalog.html]
[toystore-template.webflow.io/delivery.html]
[assets.website-files.com/5badda2935e11303a89a461e/5bb5c77fe7ca6c69b821cffc_about-image.jpg]
[assets.website-files.com/5badda2935e11303a89a461e/5bb5c77f0b5b7843138dc3c3_side-image-02.jpg]
[toystore-template.webflow.io/about.html]
[toystore-template.webflow.io/contacts.html]
[toystore-template.webflow.io/checkout.html]
[toystore-template.webflow.io/product/teddy-bear.html]
[toystore-template.webflow.io/product/mega-plush-toy.html]
[toystore-template.webflow.io/product/cute-dog.html]
[toystore-template.webflow.io/product/happy-flower.html]
[toystore-template.webflow.io/product/lift-machine.html]
[toystore-template.webflow.io/product/wooden-camera.html]
[toystore-template.webflow.io/product/little-rabbit.html]
[toystore-template.webflow.io/template/style-guide.html]
[assets.website-files.com/5badda2935e11303a89a461e/5bb5fa1dfd1af21bbc876a65_licence-photos.jpg]
[assets.website-files.com/5badda2935e11303a89a461e/5bb5fa9afd1af22f2d876ab1_licence-icons.jpg]
[toystore-template.webflow.io/template/licensing.html]
[toystore-template.webflow.io/category/wooden-toys.html]
[toystore-template.webflow.io/category/stuffed-animals.html]
[toystore-template.webflow.io/product/christmas-deer.html]
[toystore-template.webflow.io/product/rainbow-truck.html]
[toystore-template.webflow.io/product/pluto-yellow-dog.html]
[toystore-template.webflow.io/product/happy-dog.html]
[toystore-template.webflow.io/product/caterpillar.html]
[toystore-template.webflow.io/product/grey-elephant.html]
[toystore-template.webflow.io/product/wooden-tractor.html]
[toystore-template.webflow.io/product/funny-clown.html]
[toystore-template.webflow.io/product/little-friend]
